// Jest Snapshot v1, https://goo.gl/fbAQLP

exports[`Events Module can do nothing with stopListening is called with no listeners 1`] = `
Object {
  "listenTo": [Function],
  "listenToOnce": [Function],
  "off": [Function],
  "on": [Function],
  "once": [Function],
  "stopListening": [Function],
  "trigger": [Function],
}
`;

exports[`Events Module can handle failed on during listenTo 1`] = `"a.on is not a function"`;

exports[`Events Module can only listen to defined objects 1`] = `
Object {
  "listenTo": [Function],
  "listenToOnce": [Function],
  "off": [Function],
  "on": [Function],
  "once": [Function],
  "stopListening": [Function],
  "trigger": [Function],
}
`;

exports[`Events Module can pass data with event triggers 1`] = `
Array [
  Array [
    "foo was triggered",
  ],
  Array [
    "foo was triggered",
    "foo was triggered",
  ],
  Array [
    "foo was triggered",
    "foo was triggered",
    "foo was triggered",
  ],
  Array [
    "foo was triggered",
    "foo was triggered",
    "foo was triggered",
    "foo was triggered",
  ],
]
`;
