// Jest Snapshot v1, https://goo.gl/fbAQLP

exports[`Mesh can be serialized 1`] = `"{\\"front\\":\\"image(data:image/gif;base64,R0lGODlhAQABAIAAAAAAAP///yH5BAEAAAAALAAAAAABAAEAAAIBRAA7)\\",\\"back\\":\\"image(data:image/gif;base64,R0lGODlhAQABAIAAAAAAAP///yH5BAEAAAAALAAAAAABAAEAAAIBRAA7)\\",\\"left\\":\\"image(data:image/gif;base64,R0lGODlhAQABAIAAAAAAAP///yH5BAEAAAAALAAAAAABAAEAAAIBRAA7)\\",\\"right\\":\\"image(data:image/gif;base64,R0lGODlhAQABAIAAAAAAAP///yH5BAEAAAAALAAAAAABAAEAAAIBRAA7)\\",\\"top\\":\\"image(data:image/gif;base64,R0lGODlhAQABAIAAAAAAAP///yH5BAEAAAAALAAAAAABAAEAAAIBRAA7)\\",\\"bottom\\":\\"image(data:image/gif;base64,R0lGODlhAQABAIAAAAAAAP///yH5BAEAAAAALAAAAAABAAEAAAIBRAA7)\\"}"`;

exports[`Mesh can get and set faces 1`] = `
Object {
  "back": ImageFace {
    "_events": Object {
      "change": Array [
        Object {
          "callback": [Function],
          "context": undefined,
          "ctx": [Circular],
          "listening": undefined,
        },
        Object {
          "callback": [Function],
          "context": undefined,
          "ctx": [Circular],
          "listening": undefined,
        },
        Object {
          "callback": [Function],
          "context": undefined,
          "ctx": [Circular],
          "listening": undefined,
        },
        Object {
          "callback": [Function],
          "context": undefined,
          "ctx": [Circular],
          "listening": undefined,
        },
        Object {
          "callback": [Function],
          "context": undefined,
          "ctx": [Circular],
          "listening": undefined,
        },
        Object {
          "callback": [Function],
          "context": undefined,
          "ctx": [Circular],
          "listening": undefined,
        },
      ],
    },
    "clone": [Function],
    "getSource": [Function],
    "listenTo": [Function],
    "listenToOnce": [Function],
    "off": [Function],
    "on": [Function],
    "once": [Function],
    "serialize": [Function],
    "setSource": [Function],
    "stopListening": [Function],
    "trigger": [Function],
  },
  "bottom": ImageFace {
    "_events": Object {
      "change": Array [
        Object {
          "callback": [Function],
          "context": undefined,
          "ctx": [Circular],
          "listening": undefined,
        },
        Object {
          "callback": [Function],
          "context": undefined,
          "ctx": [Circular],
          "listening": undefined,
        },
        Object {
          "callback": [Function],
          "context": undefined,
          "ctx": [Circular],
          "listening": undefined,
        },
        Object {
          "callback": [Function],
          "context": undefined,
          "ctx": [Circular],
          "listening": undefined,
        },
        Object {
          "callback": [Function],
          "context": undefined,
          "ctx": [Circular],
          "listening": undefined,
        },
        Object {
          "callback": [Function],
          "context": undefined,
          "ctx": [Circular],
          "listening": undefined,
        },
      ],
    },
    "clone": [Function],
    "getSource": [Function],
    "listenTo": [Function],
    "listenToOnce": [Function],
    "off": [Function],
    "on": [Function],
    "once": [Function],
    "serialize": [Function],
    "setSource": [Function],
    "stopListening": [Function],
    "trigger": [Function],
  },
  "front": ImageFace {
    "_events": Object {
      "change": Array [
        Object {
          "callback": [Function],
          "context": undefined,
          "ctx": [Circular],
          "listening": undefined,
        },
        Object {
          "callback": [Function],
          "context": undefined,
          "ctx": [Circular],
          "listening": undefined,
        },
        Object {
          "callback": [Function],
          "context": undefined,
          "ctx": [Circular],
          "listening": undefined,
        },
        Object {
          "callback": [Function],
          "context": undefined,
          "ctx": [Circular],
          "listening": undefined,
        },
        Object {
          "callback": [Function],
          "context": undefined,
          "ctx": [Circular],
          "listening": undefined,
        },
        Object {
          "callback": [Function],
          "context": undefined,
          "ctx": [Circular],
          "listening": undefined,
        },
      ],
    },
    "clone": [Function],
    "getSource": [Function],
    "listenTo": [Function],
    "listenToOnce": [Function],
    "off": [Function],
    "on": [Function],
    "once": [Function],
    "serialize": [Function],
    "setSource": [Function],
    "stopListening": [Function],
    "trigger": [Function],
  },
  "left": ImageFace {
    "_events": Object {
      "change": Array [
        Object {
          "callback": [Function],
          "context": undefined,
          "ctx": [Circular],
          "listening": undefined,
        },
        Object {
          "callback": [Function],
          "context": undefined,
          "ctx": [Circular],
          "listening": undefined,
        },
        Object {
          "callback": [Function],
          "context": undefined,
          "ctx": [Circular],
          "listening": undefined,
        },
        Object {
          "callback": [Function],
          "context": undefined,
          "ctx": [Circular],
          "listening": undefined,
        },
        Object {
          "callback": [Function],
          "context": undefined,
          "ctx": [Circular],
          "listening": undefined,
        },
        Object {
          "callback": [Function],
          "context": undefined,
          "ctx": [Circular],
          "listening": undefined,
        },
      ],
    },
    "clone": [Function],
    "getSource": [Function],
    "listenTo": [Function],
    "listenToOnce": [Function],
    "off": [Function],
    "on": [Function],
    "once": [Function],
    "serialize": [Function],
    "setSource": [Function],
    "stopListening": [Function],
    "trigger": [Function],
  },
  "right": ImageFace {
    "_events": Object {
      "change": Array [
        Object {
          "callback": [Function],
          "context": undefined,
          "ctx": [Circular],
          "listening": undefined,
        },
        Object {
          "callback": [Function],
          "context": undefined,
          "ctx": [Circular],
          "listening": undefined,
        },
        Object {
          "callback": [Function],
          "context": undefined,
          "ctx": [Circular],
          "listening": undefined,
        },
        Object {
          "callback": [Function],
          "context": undefined,
          "ctx": [Circular],
          "listening": undefined,
        },
        Object {
          "callback": [Function],
          "context": undefined,
          "ctx": [Circular],
          "listening": undefined,
        },
        Object {
          "callback": [Function],
          "context": undefined,
          "ctx": [Circular],
          "listening": undefined,
        },
      ],
    },
    "clone": [Function],
    "getSource": [Function],
    "listenTo": [Function],
    "listenToOnce": [Function],
    "off": [Function],
    "on": [Function],
    "once": [Function],
    "serialize": [Function],
    "setSource": [Function],
    "stopListening": [Function],
    "trigger": [Function],
  },
  "top": ImageFace {
    "_events": Object {
      "change": Array [
        Object {
          "callback": [Function],
          "context": undefined,
          "ctx": [Circular],
          "listening": undefined,
        },
        Object {
          "callback": [Function],
          "context": undefined,
          "ctx": [Circular],
          "listening": undefined,
        },
        Object {
          "callback": [Function],
          "context": undefined,
          "ctx": [Circular],
          "listening": undefined,
        },
        Object {
          "callback": [Function],
          "context": undefined,
          "ctx": [Circular],
          "listening": undefined,
        },
        Object {
          "callback": [Function],
          "context": undefined,
          "ctx": [Circular],
          "listening": undefined,
        },
        Object {
          "callback": [Function],
          "context": undefined,
          "ctx": [Circular],
          "listening": undefined,
        },
      ],
    },
    "clone": [Function],
    "getSource": [Function],
    "listenTo": [Function],
    "listenToOnce": [Function],
    "off": [Function],
    "on": [Function],
    "once": [Function],
    "serialize": [Function],
    "setSource": [Function],
    "stopListening": [Function],
    "trigger": [Function],
  },
}
`;

exports[`Mesh can get and set faces 2`] = `
ImageFace {
  "_events": Object {
    "change": Array [
      Object {
        "callback": [Function],
        "context": undefined,
        "ctx": [Circular],
        "listening": undefined,
      },
      Object {
        "callback": [Function],
        "context": undefined,
        "ctx": [Circular],
        "listening": undefined,
      },
      Object {
        "callback": [Function],
        "context": undefined,
        "ctx": [Circular],
        "listening": undefined,
      },
      Object {
        "callback": [Function],
        "context": undefined,
        "ctx": [Circular],
        "listening": undefined,
      },
      Object {
        "callback": [Function],
        "context": undefined,
        "ctx": [Circular],
        "listening": undefined,
      },
      Object {
        "callback": [Function],
        "context": undefined,
        "ctx": [Circular],
        "listening": undefined,
      },
    ],
  },
  "clone": [Function],
  "getSource": [Function],
  "listenTo": [Function],
  "listenToOnce": [Function],
  "off": [Function],
  "on": [Function],
  "once": [Function],
  "serialize": [Function],
  "setSource": [Function],
  "stopListening": [Function],
  "trigger": [Function],
}
`;

exports[`Mesh can get and set faces 3`] = `
ImageFace {
  "_events": Object {
    "change": Array [
      Object {
        "callback": [Function],
        "context": undefined,
        "ctx": [Circular],
        "listening": undefined,
      },
      Object {
        "callback": [Function],
        "context": undefined,
        "ctx": [Circular],
        "listening": undefined,
      },
      Object {
        "callback": [Function],
        "context": undefined,
        "ctx": [Circular],
        "listening": undefined,
      },
      Object {
        "callback": [Function],
        "context": undefined,
        "ctx": [Circular],
        "listening": undefined,
      },
      Object {
        "callback": [Function],
        "context": undefined,
        "ctx": [Circular],
        "listening": undefined,
      },
      Object {
        "callback": [Function],
        "context": undefined,
        "ctx": [Circular],
        "listening": undefined,
      },
    ],
  },
  "clone": [Function],
  "getSource": [Function],
  "listenTo": [Function],
  "listenToOnce": [Function],
  "off": [Function],
  "on": [Function],
  "once": [Function],
  "serialize": [Function],
  "setSource": [Function],
  "stopListening": [Function],
  "trigger": [Function],
}
`;

exports[`Mesh can get and set faces 4`] = `
ImageFace {
  "_events": Object {
    "change": Array [
      Object {
        "callback": [Function],
        "context": undefined,
        "ctx": [Circular],
        "listening": undefined,
      },
      Object {
        "callback": [Function],
        "context": undefined,
        "ctx": [Circular],
        "listening": undefined,
      },
      Object {
        "callback": [Function],
        "context": undefined,
        "ctx": [Circular],
        "listening": undefined,
      },
      Object {
        "callback": [Function],
        "context": undefined,
        "ctx": [Circular],
        "listening": undefined,
      },
      Object {
        "callback": [Function],
        "context": undefined,
        "ctx": [Circular],
        "listening": undefined,
      },
      Object {
        "callback": [Function],
        "context": undefined,
        "ctx": [Circular],
        "listening": undefined,
      },
    ],
  },
  "clone": [Function],
  "getSource": [Function],
  "listenTo": [Function],
  "listenToOnce": [Function],
  "off": [Function],
  "on": [Function],
  "once": [Function],
  "serialize": [Function],
  "setSource": [Function],
  "stopListening": [Function],
  "trigger": [Function],
}
`;

exports[`Mesh can get and set faces 5`] = `
ImageFace {
  "_events": Object {
    "change": Array [
      Object {
        "callback": [Function],
        "context": undefined,
        "ctx": [Circular],
        "listening": undefined,
      },
      Object {
        "callback": [Function],
        "context": undefined,
        "ctx": [Circular],
        "listening": undefined,
      },
      Object {
        "callback": [Function],
        "context": undefined,
        "ctx": [Circular],
        "listening": undefined,
      },
      Object {
        "callback": [Function],
        "context": undefined,
        "ctx": [Circular],
        "listening": undefined,
      },
      Object {
        "callback": [Function],
        "context": undefined,
        "ctx": [Circular],
        "listening": undefined,
      },
      Object {
        "callback": [Function],
        "context": undefined,
        "ctx": [Circular],
        "listening": undefined,
      },
    ],
  },
  "clone": [Function],
  "getSource": [Function],
  "listenTo": [Function],
  "listenToOnce": [Function],
  "off": [Function],
  "on": [Function],
  "once": [Function],
  "serialize": [Function],
  "setSource": [Function],
  "stopListening": [Function],
  "trigger": [Function],
}
`;

exports[`Mesh can get and set faces 6`] = `
ImageFace {
  "_events": Object {
    "change": Array [
      Object {
        "callback": [Function],
        "context": undefined,
        "ctx": [Circular],
        "listening": undefined,
      },
      Object {
        "callback": [Function],
        "context": undefined,
        "ctx": [Circular],
        "listening": undefined,
      },
      Object {
        "callback": [Function],
        "context": undefined,
        "ctx": [Circular],
        "listening": undefined,
      },
      Object {
        "callback": [Function],
        "context": undefined,
        "ctx": [Circular],
        "listening": undefined,
      },
      Object {
        "callback": [Function],
        "context": undefined,
        "ctx": [Circular],
        "listening": undefined,
      },
      Object {
        "callback": [Function],
        "context": undefined,
        "ctx": [Circular],
        "listening": undefined,
      },
    ],
  },
  "clone": [Function],
  "getSource": [Function],
  "listenTo": [Function],
  "listenToOnce": [Function],
  "off": [Function],
  "on": [Function],
  "once": [Function],
  "serialize": [Function],
  "setSource": [Function],
  "stopListening": [Function],
  "trigger": [Function],
}
`;

exports[`Mesh can get and set faces 7`] = `
ImageFace {
  "_events": Object {
    "change": Array [
      Object {
        "callback": [Function],
        "context": undefined,
        "ctx": [Circular],
        "listening": undefined,
      },
      Object {
        "callback": [Function],
        "context": undefined,
        "ctx": [Circular],
        "listening": undefined,
      },
      Object {
        "callback": [Function],
        "context": undefined,
        "ctx": [Circular],
        "listening": undefined,
      },
      Object {
        "callback": [Function],
        "context": undefined,
        "ctx": [Circular],
        "listening": undefined,
      },
      Object {
        "callback": [Function],
        "context": undefined,
        "ctx": [Circular],
        "listening": undefined,
      },
      Object {
        "callback": [Function],
        "context": undefined,
        "ctx": [Circular],
        "listening": undefined,
      },
    ],
  },
  "clone": [Function],
  "getSource": [Function],
  "listenTo": [Function],
  "listenToOnce": [Function],
  "off": [Function],
  "on": [Function],
  "once": [Function],
  "serialize": [Function],
  "setSource": [Function],
  "stopListening": [Function],
  "trigger": [Function],
}
`;

exports[`Mesh can trigger change event when a face is changed 1`] = `
Object {
  "back": ImageFace {
    "_events": Object {
      "change": Array [
        Object {
          "callback": [Function],
          "context": undefined,
          "ctx": [Circular],
          "listening": undefined,
        },
        Object {
          "callback": [Function],
          "context": undefined,
          "ctx": [Circular],
          "listening": undefined,
        },
        Object {
          "callback": [Function],
          "context": undefined,
          "ctx": [Circular],
          "listening": undefined,
        },
        Object {
          "callback": [Function],
          "context": undefined,
          "ctx": [Circular],
          "listening": undefined,
        },
        Object {
          "callback": [Function],
          "context": undefined,
          "ctx": [Circular],
          "listening": undefined,
        },
        Object {
          "callback": [Function],
          "context": undefined,
          "ctx": [Circular],
          "listening": undefined,
        },
      ],
    },
    "clone": [Function],
    "getSource": [Function],
    "listenTo": [Function],
    "listenToOnce": [Function],
    "off": [Function],
    "on": [Function],
    "once": [Function],
    "serialize": [Function],
    "setSource": [Function],
    "stopListening": [Function],
    "trigger": [Function],
  },
  "bottom": ImageFace {
    "_events": Object {
      "change": Array [
        Object {
          "callback": [Function],
          "context": undefined,
          "ctx": [Circular],
          "listening": undefined,
        },
        Object {
          "callback": [Function],
          "context": undefined,
          "ctx": [Circular],
          "listening": undefined,
        },
        Object {
          "callback": [Function],
          "context": undefined,
          "ctx": [Circular],
          "listening": undefined,
        },
        Object {
          "callback": [Function],
          "context": undefined,
          "ctx": [Circular],
          "listening": undefined,
        },
        Object {
          "callback": [Function],
          "context": undefined,
          "ctx": [Circular],
          "listening": undefined,
        },
        Object {
          "callback": [Function],
          "context": undefined,
          "ctx": [Circular],
          "listening": undefined,
        },
      ],
    },
    "clone": [Function],
    "getSource": [Function],
    "listenTo": [Function],
    "listenToOnce": [Function],
    "off": [Function],
    "on": [Function],
    "once": [Function],
    "serialize": [Function],
    "setSource": [Function],
    "stopListening": [Function],
    "trigger": [Function],
  },
  "front": ImageFace {
    "_events": Object {
      "change": Array [
        Object {
          "callback": [Function],
          "context": undefined,
          "ctx": [Circular],
          "listening": undefined,
        },
        Object {
          "callback": [Function],
          "context": undefined,
          "ctx": [Circular],
          "listening": undefined,
        },
        Object {
          "callback": [Function],
          "context": undefined,
          "ctx": [Circular],
          "listening": undefined,
        },
        Object {
          "callback": [Function],
          "context": undefined,
          "ctx": [Circular],
          "listening": undefined,
        },
        Object {
          "callback": [Function],
          "context": undefined,
          "ctx": [Circular],
          "listening": undefined,
        },
        Object {
          "callback": [Function],
          "context": undefined,
          "ctx": [Circular],
          "listening": undefined,
        },
      ],
    },
    "clone": [Function],
    "getSource": [Function],
    "listenTo": [Function],
    "listenToOnce": [Function],
    "off": [Function],
    "on": [Function],
    "once": [Function],
    "serialize": [Function],
    "setSource": [Function],
    "stopListening": [Function],
    "trigger": [Function],
  },
  "left": ImageFace {
    "_events": Object {
      "change": Array [
        Object {
          "callback": [Function],
          "context": undefined,
          "ctx": [Circular],
          "listening": undefined,
        },
        Object {
          "callback": [Function],
          "context": undefined,
          "ctx": [Circular],
          "listening": undefined,
        },
        Object {
          "callback": [Function],
          "context": undefined,
          "ctx": [Circular],
          "listening": undefined,
        },
        Object {
          "callback": [Function],
          "context": undefined,
          "ctx": [Circular],
          "listening": undefined,
        },
        Object {
          "callback": [Function],
          "context": undefined,
          "ctx": [Circular],
          "listening": undefined,
        },
        Object {
          "callback": [Function],
          "context": undefined,
          "ctx": [Circular],
          "listening": undefined,
        },
      ],
    },
    "clone": [Function],
    "getSource": [Function],
    "listenTo": [Function],
    "listenToOnce": [Function],
    "off": [Function],
    "on": [Function],
    "once": [Function],
    "serialize": [Function],
    "setSource": [Function],
    "stopListening": [Function],
    "trigger": [Function],
  },
  "right": ImageFace {
    "_events": Object {
      "change": Array [
        Object {
          "callback": [Function],
          "context": undefined,
          "ctx": [Circular],
          "listening": undefined,
        },
        Object {
          "callback": [Function],
          "context": undefined,
          "ctx": [Circular],
          "listening": undefined,
        },
        Object {
          "callback": [Function],
          "context": undefined,
          "ctx": [Circular],
          "listening": undefined,
        },
        Object {
          "callback": [Function],
          "context": undefined,
          "ctx": [Circular],
          "listening": undefined,
        },
        Object {
          "callback": [Function],
          "context": undefined,
          "ctx": [Circular],
          "listening": undefined,
        },
        Object {
          "callback": [Function],
          "context": undefined,
          "ctx": [Circular],
          "listening": undefined,
        },
      ],
    },
    "clone": [Function],
    "getSource": [Function],
    "listenTo": [Function],
    "listenToOnce": [Function],
    "off": [Function],
    "on": [Function],
    "once": [Function],
    "serialize": [Function],
    "setSource": [Function],
    "stopListening": [Function],
    "trigger": [Function],
  },
  "top": ImageFace {
    "_events": Object {
      "change": Array [
        Object {
          "callback": [Function],
          "context": undefined,
          "ctx": [Circular],
          "listening": undefined,
        },
        Object {
          "callback": [Function],
          "context": undefined,
          "ctx": [Circular],
          "listening": undefined,
        },
        Object {
          "callback": [Function],
          "context": undefined,
          "ctx": [Circular],
          "listening": undefined,
        },
        Object {
          "callback": [Function],
          "context": undefined,
          "ctx": [Circular],
          "listening": undefined,
        },
        Object {
          "callback": [Function],
          "context": undefined,
          "ctx": [Circular],
          "listening": undefined,
        },
        Object {
          "callback": [Function],
          "context": undefined,
          "ctx": [Circular],
          "listening": undefined,
        },
      ],
    },
    "clone": [Function],
    "getSource": [Function],
    "listenTo": [Function],
    "listenToOnce": [Function],
    "off": [Function],
    "on": [Function],
    "once": [Function],
    "serialize": [Function],
    "setSource": [Function],
    "stopListening": [Function],
    "trigger": [Function],
  },
}
`;
