// Jest Snapshot v1, https://goo.gl/fbAQLP

exports[`Positioned module can translate in 3-dimensions 1`] = `
Object {
  "x": 2,
  "y": 4,
  "z": 6,
}
`;

exports[`Positioned module can trigger move when setting position 1`] = `
Array [
  Array [
    "move",
  ],
  Array [
    "move",
  ],
  Array [
    "move",
  ],
]
`;
