// Jest Snapshot v1, https://goo.gl/fbAQLP

exports[`World can add and remove voxels 1`] = `
World {
  "add": [Function],
  "deleteSave": [Function],
  "export": [Function],
  "getScene": [Function],
  "getVoxels": [Function],
  "import": [Function],
  "isSaved": [Function],
  "load": [Function],
  "remove": [Function],
  "save": [Function],
}
`;

exports[`World can export voxels 1`] = `"[{\\"position\\":{\\"x\\":0,\\"y\\":0,\\"z\\":0},\\"dimension\\":0,\\"mesh\\":\\"{\\\\\\"front\\\\\\":\\\\\\"image(data:image/gif;base64,R0lGODlhAQABAIAAAAAAAP///yH5BAEAAAAALAAAAAABAAEAAAIBRAA7)\\\\\\",\\\\\\"back\\\\\\":\\\\\\"image(data:image/gif;base64,R0lGODlhAQABAIAAAAAAAP///yH5BAEAAAAALAAAAAABAAEAAAIBRAA7)\\\\\\",\\\\\\"left\\\\\\":\\\\\\"image(data:image/gif;base64,R0lGODlhAQABAIAAAAAAAP///yH5BAEAAAAALAAAAAABAAEAAAIBRAA7)\\\\\\",\\\\\\"right\\\\\\":\\\\\\"image(data:image/gif;base64,R0lGODlhAQABAIAAAAAAAP///yH5BAEAAAAALAAAAAABAAEAAAIBRAA7)\\\\\\",\\\\\\"top\\\\\\":\\\\\\"image(data:image/gif;base64,R0lGODlhAQABAIAAAAAAAP///yH5BAEAAAAALAAAAAABAAEAAAIBRAA7)\\\\\\",\\\\\\"bottom\\\\\\":\\\\\\"image(data:image/gif;base64,R0lGODlhAQABAIAAAAAAAP///yH5BAEAAAAALAAAAAABAAEAAAIBRAA7)\\\\\\"}\\"}]"`;

exports[`World can get scene and voxels 1`] = `
Scene {
  "add": [Function],
  "addEventListener": [Function],
  "addLightSource": [Function],
  "attach": [Function],
  "bind": [Function],
  "canPan": [Function],
  "canRotate": [Function],
  "canZoom": [Function],
  "detach": [Function],
  "disablePan": [Function],
  "disableRotate": [Function],
  "disableZoom": [Function],
  "enablePan": [Function],
  "enableRotate": [Function],
  "enableZoom": [Function],
  "getElement": [Function],
  "getInteractionState": [Function],
  "getLightSources": [Function],
  "getPan": [Function],
  "getParentElement": [Function],
  "getRotation": [Function],
  "getRotationX": [Function],
  "getRotationY": [Function],
  "getRotationZ": [Function],
  "getVoxels": [Function],
  "getZoom": [Function],
  "isAttached": [Function],
  "pan": [Function],
  "panX": [Function],
  "panY": [Function],
  "panZ": [Function],
  "remove": [Function],
  "removeEventListener": [Function],
  "removeLightSource": [Function],
  "rotate": [Function],
  "rotateX": [Function],
  "rotateY": [Function],
  "rotateZ": [Function],
  "setPan": [Function],
  "setPanX": [Function],
  "setPanY": [Function],
  "setPanZ": [Function],
  "setRotation": [Function],
  "setRotationX": [Function],
  "setRotationY": [Function],
  "setRotationZ": [Function],
  "setZoom": [Function],
  "triggerEvent": [Function],
  "unbind": [Function],
  "zoom": [Function],
}
`;

exports[`World can get scene and voxels 2`] = `
Array [
  Voxel {
    "addEventListener": [Function],
    "addToScene": [Function],
    "animDown": [Function],
    "animUp": [Function],
    "clone": [Function],
    "getDimension": [Function],
    "getDomElement": [Function],
    "getMesh": [Function],
    "getPosition": [Function],
    "getPositionX": [Function],
    "getPositionY": [Function],
    "getPositionZ": [Function],
    "removeEventListener": [Function],
    "removeFromScene": [Function],
    "removeParentScene": [Function],
    "setDimension": [Function],
    "setMesh": [Function],
    "setParentScene": [Function],
    "setPosition": [Function],
    "setPositionX": [Function],
    "setPositionY": [Function],
    "setPositionZ": [Function],
    "translate": [Function],
    "translateX": [Function],
    "translateY": [Function],
    "translateZ": [Function],
    "triggerEvent": [Function],
    "updateLightSource": [Function],
  },
]
`;

exports[`World can load from the browser 1`] = `
Array [
  Voxel {
    "addEventListener": [Function],
    "addToScene": [Function],
    "animDown": [Function],
    "animUp": [Function],
    "clone": [Function],
    "getDimension": [Function],
    "getDomElement": [Function],
    "getMesh": [Function],
    "getPosition": [Function],
    "getPositionX": [Function],
    "getPositionY": [Function],
    "getPositionZ": [Function],
    "removeEventListener": [Function],
    "removeFromScene": [Function],
    "removeParentScene": [Function],
    "setDimension": [Function],
    "setMesh": [Function],
    "setParentScene": [Function],
    "setPosition": [Function],
    "setPositionX": [Function],
    "setPositionY": [Function],
    "setPositionZ": [Function],
    "translate": [Function],
    "translateX": [Function],
    "translateY": [Function],
    "translateZ": [Function],
    "triggerEvent": [Function],
    "updateLightSource": [Function],
  },
]
`;

exports[`World can load from the browser 2`] = `
Array [
  Voxel {
    "addEventListener": [Function],
    "addToScene": [Function],
    "animDown": [Function],
    "animUp": [Function],
    "clone": [Function],
    "getDimension": [Function],
    "getDomElement": [Function],
    "getMesh": [Function],
    "getPosition": [Function],
    "getPositionX": [Function],
    "getPositionY": [Function],
    "getPositionZ": [Function],
    "removeEventListener": [Function],
    "removeFromScene": [Function],
    "removeParentScene": [Function],
    "setDimension": [Function],
    "setMesh": [Function],
    "setParentScene": [Function],
    "setPosition": [Function],
    "setPositionX": [Function],
    "setPositionY": [Function],
    "setPositionZ": [Function],
    "translate": [Function],
    "translateX": [Function],
    "translateY": [Function],
    "translateZ": [Function],
    "triggerEvent": [Function],
    "updateLightSource": [Function],
  },
]
`;

exports[`World can load from the browser 3`] = `Array []`;

exports[`World can not be instantiated without Scene instance 1`] = `undefined`;
